2025-12-05 08:27:29,835 - sacco_compliance - INFO - user=admin | action=login_success | module=auth | details={'tenant_id': 'demo', 'roles': ['ADMIN']}
2025-12-05 08:27:33,293 - sacco_compliance - INFO - user=admin | action=login_success | module=auth | details={'tenant_id': 'demo', 'roles': ['ADMIN']}
2025-12-05 08:33:29,355 - sacco_compliance - INFO - user=UNKNOWN | action=login_failed | module=auth | details={'tenant_id': None}
2025-12-05 08:33:52,005 - sacco_compliance - INFO - user=admin | action=login_success | module=auth | details={'tenant_id': 'demo', 'roles': ['ADMIN', 'PRUDENTIAL', 'AML']}
2025-12-05 08:34:19,548 - sacco_compliance - INFO - user=admin | action=login_success | module=auth | details={'tenant_id': 'demo', 'roles': ['ADMIN', 'PRUDENTIAL', 'AML']}
2025-12-05 08:34:20,641 - sacco_compliance - INFO - user=admin | action=login_success | module=auth | details={'tenant_id': 'demo', 'roles': ['ADMIN', 'PRUDENTIAL', 'AML']}
2025-12-05 08:35:23,788 - sacco_compliance - INFO - user=prudential_officer | action=login_success | module=auth | details={'tenant_id': 'demo', 'roles': ['PRUDENTIAL']}
2025-12-05 08:36:37,838 - sacco_compliance - INFO - user=aml_officer | action=login_success | module=auth | details={'tenant_id': 'demo', 'roles': ['AML']}
2025-12-05 08:44:48,191 - sacco_compliance - INFO - user=admin | action=login_success | module=auth | details={'tenant_id': 'demo', 'roles': ['ADMIN', 'PRUDENTIAL', 'AML']}
2025-12-05 08:45:51,716 - sacco_compliance - INFO - user=prudential_officer  | action=login_failed | module=auth | details={'tenant_id': 'demo'}
2025-12-05 08:46:09,776 - sacco_compliance - INFO - user=prudential_officer  | action=login_failed | module=auth | details={'tenant_id': 'demo'}
2025-12-05 08:46:40,240 - sacco_compliance - INFO - user=prudential_officer | action=login_success | module=auth | details={'tenant_id': 'demo', 'roles': ['PRUDENTIAL']}
2025-12-05 08:46:41,592 - sacco_compliance - INFO - user=prudential_officer | action=login_success | module=auth | details={'tenant_id': 'demo', 'roles': ['PRUDENTIAL']}
2025-12-05 08:57:35,659 - sacco_compliance - INFO - user=admin | action=login_success | module=auth | details={'tenant_id': 'demo', 'roles': ['ADMIN', 'PRUDENTIAL', 'AML']}
2025-12-05 09:39:19,310 - sacco_compliance - INFO - user=admin | action=login_success | module=auth | details={'tenant_id': 'demo', 'roles': ['ADMIN', 'PRUDENTIAL', 'AML']}
2025-12-05 09:47:49,313 - sacco_compliance - INFO - user=admin | action=login_success | module=auth | details={'tenant_id': 'demo', 'roles': ['ADMIN', 'PRUDENTIAL', 'AML']}
2025-12-05 09:52:42,248 - sacco_compliance - INFO - user=prudential_officer | action=login_success | module=auth | details={'tenant_id': 'demo', 'roles': ['PRUDENTIAL']}
2025-12-05 09:53:34,117 - sacco_compliance - INFO - user=aml_officer | action=login_success | module=auth | details={'tenant_id': 'demo', 'roles': ['AML']}
2025-12-05 10:08:15,385 - sacco_compliance - INFO - user=admin@cinta.com | action=login_failed | module=auth | details={'tenant_id': 'demo'}
2025-12-05 10:08:27,035 - sacco_compliance - INFO - user=admin | action=login_success | module=auth | details={'tenant_id': 'demo', 'roles': ['ADMIN', 'PRUDENTIAL', 'AML']}
2025-12-05 10:14:23,557 - sacco_compliance - INFO - user=admin | action=login_success | module=auth | details={'tenant_id': 'demo', 'roles': ['ADMIN', 'PRUDENTIAL', 'AML']}
2025-12-05 10:18:09,090 - sacco_compliance - INFO - user=admin | action=login_success | module=auth | details={'tenant_id': 'demo', 'roles': ['ADMIN', 'PRUDENTIAL', 'AML']}
2025-12-05 10:27:18,034 - sacco_compliance - INFO - user=admin | action=login_success | module=auth | details={'tenant_id': 'demo', 'roles': ['ADMIN', 'PRUDENTIAL', 'AML']}
2025-12-05 10:29:42,595 - sacco_compliance - INFO - user=admin | action=login_success | module=auth | details={'tenant_id': 'demo', 'roles': ['ADMIN', 'PRUDENTIAL', 'AML']}
2025-12-05 10:30:49,354 - sacco_compliance - INFO - user=admin | action=login_success | module=auth | details={'tenant_id': 'demo', 'roles': ['ADMIN', 'PRUDENTIAL', 'AML']}
2025-12-05 10:39:24,186 - sacco_compliance - INFO - user=admin | action=login_success | module=auth | details={'tenant_id': 'demo', 'roles': ['ADMIN', 'PRUDENTIAL', 'AML']}
2025-12-05 10:39:44,024 - sacco_compliance - INFO - user=admin | action=login_success | module=auth | details={'tenant_id': 'demo', 'roles': ['ADMIN', 'PRUDENTIAL', 'AML']}
2025-12-05 10:43:17,533 - sacco_compliance - INFO - user=admin | action=login_success | module=auth | details={'tenant_id': 'demo', 'roles': ['ADMIN', 'PRUDENTIAL', 'AML']}
2025-12-05 10:46:20,246 - sacco_compliance - INFO - user=admin | action=login_success | module=auth | details={'tenant_id': 'demo', 'roles': ['ADMIN', 'PRUDENTIAL', 'AML']}
2025-12-05 11:03:48,699 - sacco_compliance - INFO - user=admin | action=login_success | module=auth | details={'tenant_id': 'demo', 'roles': ['ADMIN', 'PRUDENTIAL', 'AML']}
2025-12-05 11:04:26,594 - sacco_compliance - INFO - user=admin | action=login_success | module=auth | details={'tenant_id': 'demo', 'roles': ['ADMIN', 'PRUDENTIAL', 'AML']}
2025-12-05 11:08:10,110 - sacco_compliance - INFO - user=admin | action=login_success | module=auth | details={'tenant_id': 'demo', 'roles': ['ADMIN', 'PRUDENTIAL', 'AML']}
2025-12-05 11:08:36,062 - sacco_compliance - INFO - user=admin | action=login_success | module=auth | details={'tenant_id': 'demo', 'roles': ['ADMIN', 'PRUDENTIAL', 'AML']}
2025-12-05 11:09:48,060 - sacco_compliance - INFO - user=admin | action=login_success | module=auth | details={'tenant_id': 'demo', 'roles': ['ADMIN', 'PRUDENTIAL', 'AML']}
{"type": "data_access", "user": "System Admin", "role": "System Administrator", "resource": "liquidity_alm_intelligence", "details": {}, "timestamp": "2025-12-05T11:27:21.090859"}
{"type": "data_access", "user": "admin", "role": "System Administrator", "resource": "pricing_economics_intelligence", "details": {}, "timestamp": "2025-12-05T11:27:40.870385"}
{"type": "action", "user": "admin", "role": "System Administrator", "action": "pricing_economics_analysis_completed", "object_type": "dashboard", "object_id": "04_Pricing_Economics.py", "details": {}, "timestamp": "2025-12-05T11:27:45.048651"}
{"type": "data_access", "user": "System Admin", "role": "System Administrator", "resource": "liquidity_alm_intelligence", "details": {}, "timestamp": "2025-12-05T12:05:09.855332"}
{"type": "data_access", "user": "System Admin", "role": "System Administrator", "resource": "alm_stress_testing_intelligence", "details": {}, "timestamp": "2025-12-05T12:05:11.470791"}
{"type": "data_access", "user": "admin", "role": "System Administrator", "resource": "pricing_economics_intelligence", "details": {}, "timestamp": "2025-12-05T12:05:12.713844"}
{"type": "action", "user": "admin", "role": "System Administrator", "action": "pricing_economics_analysis_completed", "object_type": "dashboard", "object_id": "04_Pricing_Economics.py", "details": {}, "timestamp": "2025-12-05T12:05:13.206190"}
{"type": "data_access", "user": "System Admin", "role": "System Administrator", "resource": "liquidity_alm_intelligence", "details": {}, "timestamp": "2025-12-05T12:05:21.177895"}
{"type": "data_access", "user": "System Admin", "role": "System Administrator", "resource": "alm_stress_testing_intelligence", "details": {}, "timestamp": "2025-12-05T12:05:23.645273"}
{"type": "data_access", "user": "admin", "role": "System Administrator", "resource": "dividend_capacity_intelligence", "details": {}, "timestamp": "2025-12-05T12:05:38.333099"}
{"type": "data_access", "user": "admin", "role": "System Administrator", "resource": "dividend_capacity_analysis_completed", "details": {}, "timestamp": "2025-12-05T12:05:38.532432"}
{"type": "data_access", "user": "System Admin", "role": "System Administrator", "resource": "credit_risk_intelligence_dashboard", "details": {}, "timestamp": "2025-12-05T12:05:48.326229"}
{"type": "data_access", "user": "System Admin", "role": "System Administrator", "resource": "vintages_roll_rates_intelligence", "details": {}, "timestamp": "2025-12-05T12:05:52.242293"}
{"type": "data_access", "user": "System Admin", "role": "System Administrator", "resource": "vintages_analytics_completed", "details": {}, "timestamp": "2025-12-05T12:05:52.805763"}
{"type": "data_access", "user": "System Admin", "role": "System Administrator", "resource": "liquidity_alm_intelligence", "details": {}, "timestamp": "2025-12-05T12:09:04.035772"}
{"type": "data_access", "user": "System Admin", "role": "System Administrator", "resource": "liquidity_alm_intelligence", "details": {}, "timestamp": "2025-12-05T12:09:11.973846"}
{"type": "data_access", "user": "admin", "role": "System Administrator", "resource": "dividend_capacity_intelligence", "details": {}, "timestamp": "2025-12-05T12:09:21.373456"}
{"type": "data_access", "user": "admin", "role": "System Administrator", "resource": "dividend_capacity_analysis_completed", "details": {}, "timestamp": "2025-12-05T12:09:21.584655"}
{"type": "data_access", "user": "System Admin", "role": "System Administrator", "resource": "alm_stress_testing_intelligence", "details": {}, "timestamp": "2025-12-05T12:09:28.351527"}
{"type": "data_access", "user": "System Admin", "role": "System Administrator", "resource": "alm_stress_testing_intelligence", "details": {}, "timestamp": "2025-12-05T12:10:07.383541"}
{"type": "data_access", "user": "admin", "role": "System Administrator", "resource": "dividend_capacity_intelligence", "details": {}, "timestamp": "2025-12-05T13:34:32.998389"}
{"type": "data_access", "user": "admin", "role": "System Administrator", "resource": "dividend_capacity_analysis_completed", "details": {}, "timestamp": "2025-12-05T13:34:33.349007"}
{"type": "data_access", "user": "System Admin", "role": "System Administrator", "resource": "credit_risk_intelligence_dashboard", "details": {}, "timestamp": "2025-12-05T13:34:41.663805"}
{"type": "data_access", "user": "System Admin", "role": "System Administrator", "resource": "vintages_roll_rates_intelligence", "details": {}, "timestamp": "2025-12-05T13:34:51.313358"}
{"type": "data_access", "user": "System Admin", "role": "System Administrator", "resource": "vintages_analytics_completed", "details": {}, "timestamp": "2025-12-05T13:34:52.608868"}
{"type": "data_access", "user": "admin", "role": "System Administrator", "resource": "concentration_risk_page", "details": {}, "timestamp": "2025-12-05T13:42:29.695510"}
{"type": "data_access", "user": "admin", "role": "System Administrator", "resource": "pricing_economics_intelligence", "details": {}, "timestamp": "2025-12-05T13:42:40.138148"}
{"type": "action", "user": "admin", "role": "System Administrator", "action": "pricing_economics_analysis_completed", "object_type": "dashboard", "object_id": "04_Pricing_Economics.py", "details": {}, "timestamp": "2025-12-05T13:42:41.579064"}
{"type": "data_access", "user": "admin", "role": "System Administrator", "resource": "pricing_economics_intelligence", "details": {}, "timestamp": "2025-12-05T13:43:18.912300"}
{"type": "action", "user": "admin", "role": "System Administrator", "action": "pricing_economics_analysis_completed", "object_type": "dashboard", "object_id": "04_Pricing_Economics.py", "details": {}, "timestamp": "2025-12-05T13:43:19.435604"}
{"type": "data_access", "user": "System Admin", "role": "System Administrator", "resource": "liquidity_alm_intelligence", "details": {}, "timestamp": "2025-12-05T13:43:22.423123"}
{"type": "data_access", "user": "admin", "role": "System Administrator", "resource": "pricing_economics_intelligence", "details": {}, "timestamp": "2025-12-05T13:48:06.124849"}
{"type": "action", "user": "admin", "role": "System Administrator", "action": "pricing_economics_analysis_completed", "object_type": "dashboard", "object_id": "04_Pricing_Economics.py", "details": {}, "timestamp": "2025-12-05T13:48:06.612498"}
{"type": "data_access", "user": "System Admin", "role": "System Administrator", "resource": "data_quality_mis_page", "details": {}, "timestamp": "2025-12-05T13:48:24.168607"}
{"type": "data_access", "user": "admin", "role": "System Administrator", "resource": "concentration_risk_page", "details": {}, "timestamp": "2025-12-05T13:49:09.316655"}
{"type": "data_access", "user": "System Admin", "role": "System Administrator", "resource": "governance_compliance_page", "details": {}, "timestamp": "2025-12-05T13:49:19.199222"}
{"type": "data_access", "user": "admin", "role": "System Administrator", "resource": "pricing_economics_intelligence", "details": {}, "timestamp": "2025-12-05T13:49:20.497104"}
{"type": "action", "user": "admin", "role": "System Administrator", "action": "pricing_economics_analysis_completed", "object_type": "dashboard", "object_id": "04_Pricing_Economics.py", "details": {}, "timestamp": "2025-12-05T13:49:20.926107"}
{"type": "data_access", "user": "System Admin", "role": "System Administrator", "resource": "governance_compliance_page", "details": {}, "timestamp": "2025-12-05T13:49:24.727880"}
{"type": "data_access", "user": "admin", "role": "System Administrator", "resource": "concentration_risk_page", "details": {}, "timestamp": "2025-12-05T13:49:29.714165"}
{"type": "data_access", "user": "System Admin", "role": "System Administrator", "resource": "data_quality_mis_page", "details": {}, "timestamp": "2025-12-05T13:49:33.178678"}
{"type": "data_access", "user": "System Admin", "role": "System Administrator", "resource": "provisioning_writeoff_page", "details": {}, "timestamp": "2025-12-05T14:07:34.667760"}
{"type": "data_access", "user": "System Admin", "role": "System Administrator", "resource": "data_quality_mis_page", "details": {}, "timestamp": "2025-12-05T14:07:46.924077"}
{"type": "data_access", "user": "System Admin", "role": "System Administrator", "resource": "provisioning_writeoff_page", "details": {}, "timestamp": "2025-12-05T14:08:00.214542"}
{"type": "data_access", "user": "admin", "role": "System Administrator", "resource": "pricing_economics_intelligence", "details": {}, "timestamp": "2025-12-05T14:10:19.370439"}
{"type": "action", "user": "admin", "role": "System Administrator", "action": "pricing_economics_analysis_completed", "object_type": "dashboard", "object_id": "04_Pricing_Economics.py", "details": {}, "timestamp": "2025-12-05T14:10:19.872585"}
{"type": "data_access", "user": "System Admin", "role": "System Administrator", "resource": "liquidity_alm_intelligence", "details": {}, "timestamp": "2025-12-05T14:10:22.599046"}
{"type": "data_access", "user": "System Admin", "role": "System Administrator", "resource": "alm_stress_testing_intelligence", "details": {}, "timestamp": "2025-12-05T14:10:23.434494"}
{"type": "data_access", "user": "System Admin", "role": "System Administrator", "resource": "liquidity_alm_intelligence", "details": {}, "timestamp": "2025-12-05T14:10:25.392242"}
{"type": "data_access", "user": "admin", "role": "System Administrator", "resource": "dividend_capacity_intelligence", "details": {}, "timestamp": "2025-12-05T14:10:28.965563"}
{"type": "data_access", "user": "admin", "role": "System Administrator", "resource": "dividend_capacity_analysis_completed", "details": {}, "timestamp": "2025-12-05T14:10:29.135906"}
{"type": "data_access", "user": "System Admin", "role": "System Administrator", "resource": "alm_stress_testing_intelligence", "details": {}, "timestamp": "2025-12-05T14:10:31.979092"}
{"type": "data_access", "user": "System Admin", "role": "System Administrator", "resource": "liquidity_alm_intelligence", "details": {}, "timestamp": "2025-12-05T14:10:36.158838"}
{"type": "data_access", "user": "admin", "role": "System Administrator", "resource": "pricing_economics_intelligence", "details": {}, "timestamp": "2025-12-05T14:10:39.388744"}
{"type": "action", "user": "admin", "role": "System Administrator", "action": "pricing_economics_analysis_completed", "object_type": "dashboard", "object_id": "04_Pricing_Economics.py", "details": {}, "timestamp": "2025-12-05T14:10:39.926226"}
{"type": "data_access", "user": "System Admin", "role": "System Administrator", "resource": "governance_compliance_page", "details": {}, "timestamp": "2025-12-05T14:11:58.686907"}
{"type": "data_access", "user": "admin", "role": "System Administrator", "resource": "concentration_risk_page", "details": {}, "timestamp": "2025-12-05T14:12:16.577940"}
{"type": "data_access", "user": "System Admin", "role": "System Administrator", "resource": "data_quality_mis_page", "details": {}, "timestamp": "2025-12-05T14:12:51.987745"}
{"type": "data_access", "user": "System Admin", "role": "System Administrator", "resource": "liquidity_alm_intelligence", "details": {}, "timestamp": "2025-12-05T14:16:00.535422"}
{"type": "data_access", "user": "admin", "role": "System Administrator", "resource": "pricing_economics_intelligence", "details": {}, "timestamp": "2025-12-05T14:16:02.893536"}
{"type": "action", "user": "admin", "role": "System Administrator", "action": "pricing_economics_analysis_completed", "object_type": "dashboard", "object_id": "04_Pricing_Economics.py", "details": {}, "timestamp": "2025-12-05T14:16:04.108258"}
{"type": "data_access", "user": "System Admin", "role": "System Administrator", "resource": "governance_compliance_page", "details": {}, "timestamp": "2025-12-05T14:16:07.059449"}
{"type": "data_access", "user": "System Admin", "role": "System Administrator", "resource": "employer_limits_alerts_page", "details": {}, "timestamp": "2025-12-05T14:16:08.778292"}
{"type": "data_access", "user": "System Admin", "role": "System Administrator", "resource": "liquidity_alm_intelligence", "details": {}, "timestamp": "2025-12-05T14:18:39.344405"}
{"type": "data_access", "user": "admin", "role": "System Administrator", "resource": "pricing_economics_intelligence", "details": {}, "timestamp": "2025-12-05T14:18:42.021923"}
{"type": "data_access", "user": "System Admin", "role": "System Administrator", "resource": "governance_compliance_page", "details": {}, "timestamp": "2025-12-05T14:18:45.471262"}
{"type": "data_access", "user": "System Admin", "role": "System Administrator", "resource": "employer_limits_alerts_page", "details": {}, "timestamp": "2025-12-05T14:18:49.785526"}
{"type": "data_access", "user": "admin", "role": "System Administrator", "resource": "concentration_risk_page", "details": {}, "timestamp": "2025-12-05T14:18:53.523918"}
{"type": "data_access", "user": "System Admin", "role": "System Administrator", "resource": "data_quality_mis_page", "details": {}, "timestamp": "2025-12-05T14:19:02.584469"}
{"type": "data_access", "user": "System Admin", "role": "System Administrator", "resource": "provisioning_writeoff_page", "details": {}, "timestamp": "2025-12-05T14:21:09.643393"}
{"type": "data_access", "user": "System Admin", "role": "System Administrator", "resource": "data_quality_mis_page", "details": {}, "timestamp": "2025-12-05T14:21:13.588596"}
{"type": "data_access", "user": "admin", "role": "System Administrator", "resource": "concentration_risk_page", "details": {}, "timestamp": "2025-12-05T14:21:29.508727"}
{"type": "data_access", "user": "System Admin", "role": "System Administrator", "resource": "employer_limits_alerts_page", "details": {}, "timestamp": "2025-12-05T14:21:30.364529"}
{"type": "data_access", "user": "System Admin", "role": "System Administrator", "resource": "governance_compliance_page", "details": {}, "timestamp": "2025-12-05T14:21:32.119000"}
{"type": "data_access", "user": "admin", "role": "Unknown Role", "resource": "pricing_economics_intelligence", "details": {}, "timestamp": "2025-12-05T15:10:29.797291"}
{"type": "action", "user": "admin", "role": "Unknown Role", "action": "pricing_economics_analysis_completed", "object_type": "dashboard", "object_id": "04_Pricing_Economics.py", "details": {}, "timestamp": "2025-12-05T15:10:30.984831"}
{"type": "data_access", "user": "admin", "role": "Unknown", "resource": "concentration_risk_page", "details": {}, "timestamp": "2025-12-05T15:11:07.498525"}
{"type": "data_access", "user": "admin", "role": "Unknown Role", "resource": "pricing_economics_intelligence", "details": {}, "timestamp": "2025-12-06T05:27:37.448004"}
{"type": "action", "user": "admin", "role": "Unknown Role", "action": "pricing_economics_analysis_completed", "object_type": "dashboard", "object_id": "04_Pricing_Economics.py", "details": {}, "timestamp": "2025-12-06T05:27:38.962460"}
{"type": "data_access", "user": "admin", "role": "Unknown", "resource": "concentration_risk_page", "details": {}, "timestamp": "2025-12-06T05:27:49.320660"}
{"type": "data_access", "user": "admin", "role": "Unknown Role", "resource": "pricing_economics_intelligence", "details": {}, "timestamp": "2025-12-06T05:28:07.495557"}
{"type": "action", "user": "admin", "role": "Unknown Role", "action": "pricing_economics_analysis_completed", "object_type": "dashboard", "object_id": "04_Pricing_Economics.py", "details": {}, "timestamp": "2025-12-06T05:28:08.010267"}
{"type": "data_access", "user": "admin", "role": "Unknown Role", "resource": "pricing_economics_intelligence", "details": {}, "timestamp": "2025-12-06T05:28:16.287234"}
{"type": "action", "user": "admin", "role": "Unknown Role", "action": "pricing_economics_analysis_completed", "object_type": "dashboard", "object_id": "04_Pricing_Economics.py", "details": {}, "timestamp": "2025-12-06T05:28:17.228740"}
{"type": "data_access", "user": "admin", "role": "Unknown Role", "resource": "pricing_economics_intelligence", "details": {}, "timestamp": "2025-12-06T05:28:22.553865"}
{"type": "data_access", "user": "admin", "role": "Unknown Role", "resource": "pricing_economics_intelligence", "details": {}, "timestamp": "2025-12-06T05:28:23.430057"}
{"type": "data_access", "user": "admin", "role": "Unknown Role", "resource": "pricing_economics_intelligence", "details": {}, "timestamp": "2025-12-06T05:28:23.887248"}
{"type": "action", "user": "admin", "role": "Unknown Role", "action": "pricing_economics_analysis_completed", "object_type": "dashboard", "object_id": "04_Pricing_Economics.py", "details": {}, "timestamp": "2025-12-06T05:28:24.738995"}
{"type": "data_access", "user": "admin", "role": "Unknown Role", "resource": "pricing_economics_intelligence", "details": {}, "timestamp": "2025-12-06T05:32:30.327371"}
{"type": "action", "user": "admin", "role": "Unknown Role", "action": "pricing_economics_analysis_completed", "object_type": "dashboard", "object_id": "04_Pricing_Economics.py", "details": {}, "timestamp": "2025-12-06T05:32:31.218588"}
{"type": "data_access", "user": "admin", "role": "Unknown Role", "resource": "pricing_economics_intelligence", "details": {}, "timestamp": "2025-12-06T05:32:32.054831"}
{"type": "action", "user": "admin", "role": "Unknown Role", "action": "pricing_economics_analysis_completed", "object_type": "dashboard", "object_id": "04_Pricing_Economics.py", "details": {}, "timestamp": "2025-12-06T05:32:32.940958"}
{"type": "data_access", "user": "admin", "role": "Unknown Role", "resource": "pricing_economics_intelligence", "details": {}, "timestamp": "2025-12-06T05:32:33.260283"}
{"type": "action", "user": "admin", "role": "Unknown Role", "action": "pricing_economics_analysis_completed", "object_type": "dashboard", "object_id": "04_Pricing_Economics.py", "details": {}, "timestamp": "2025-12-06T05:32:34.087883"}
{"type": "data_access", "user": "admin", "role": "Unknown Role", "resource": "pricing_economics_intelligence", "details": {}, "timestamp": "2025-12-06T05:32:38.684318"}
{"type": "action", "user": "admin", "role": "Unknown Role", "action": "pricing_economics_analysis_completed", "object_type": "dashboard", "object_id": "04_Pricing_Economics.py", "details": {}, "timestamp": "2025-12-06T05:32:39.554265"}
{"type": "data_access", "user": "admin", "role": "Unknown Role", "resource": "pricing_economics_intelligence", "details": {}, "timestamp": "2025-12-06T05:32:40.259459"}
{"type": "action", "user": "admin", "role": "Unknown Role", "action": "pricing_economics_analysis_completed", "object_type": "dashboard", "object_id": "04_Pricing_Economics.py", "details": {}, "timestamp": "2025-12-06T05:32:41.083693"}
{"type": "data_access", "user": "admin", "role": "Unknown Role", "resource": "pricing_economics_intelligence", "details": {}, "timestamp": "2025-12-06T05:32:41.466233"}
{"type": "action", "user": "admin", "role": "Unknown Role", "action": "pricing_economics_analysis_completed", "object_type": "dashboard", "object_id": "04_Pricing_Economics.py", "details": {}, "timestamp": "2025-12-06T05:32:42.275252"}
{"type": "data_access", "user": "admin", "role": "Unknown Role", "resource": "pricing_economics_intelligence", "details": {}, "timestamp": "2025-12-06T05:56:51.042252"}
{"type": "action", "user": "admin", "role": "Unknown Role", "action": "pricing_economics_analysis_completed", "object_type": "dashboard", "object_id": "04_Pricing_Economics.py", "details": {}, "timestamp": "2025-12-06T05:56:51.897204"}
{"type": "data_access", "user": "admin", "role": "Unknown Role", "resource": "pricing_economics_intelligence", "details": {}, "timestamp": "2025-12-06T08:14:50.964031"}
{"type": "action", "user": "admin", "role": "Unknown Role", "action": "pricing_economics_analysis_completed", "object_type": "dashboard", "object_id": "04_Pricing_Economics.py", "details": {}, "timestamp": "2025-12-06T08:14:56.040306"}
{"type": "data_access", "user": "admin", "role": "Unknown Role", "resource": "pricing_economics_intelligence", "details": {}, "timestamp": "2025-12-06T08:15:04.609761"}
{"type": "action", "user": "admin", "role": "Unknown Role", "action": "pricing_economics_analysis_completed", "object_type": "dashboard", "object_id": "04_Pricing_Economics.py", "details": {}, "timestamp": "2025-12-06T08:15:05.712944"}
{"type": "data_access", "user": "admin", "role": "Unknown Role", "resource": "pricing_economics_intelligence", "details": {}, "timestamp": "2025-12-06T08:15:52.782751"}
{"type": "action", "user": "admin", "role": "Unknown Role", "action": "pricing_economics_analysis_completed", "object_type": "dashboard", "object_id": "04_Pricing_Economics.py", "details": {}, "timestamp": "2025-12-06T08:15:53.851867"}
{"type": "data_access", "user": "admin", "role": "Unknown Role", "resource": "pricing_economics_intelligence", "details": {}, "timestamp": "2025-12-06T08:15:53.993431"}
{"type": "data_access", "user": "admin", "role": "Unknown Role", "resource": "pricing_economics_intelligence", "details": {}, "timestamp": "2025-12-06T08:15:54.522503"}
{"type": "data_access", "user": "admin", "role": "Unknown Role", "resource": "pricing_economics_intelligence", "details": {}, "timestamp": "2025-12-06T08:15:55.406211"}
{"type": "data_access", "user": "admin", "role": "Unknown Role", "resource": "pricing_economics_intelligence", "details": {}, "timestamp": "2025-12-06T08:15:55.970408"}
{"type": "data_access", "user": "admin", "role": "Unknown Role", "resource": "pricing_economics_intelligence", "details": {}, "timestamp": "2025-12-06T08:15:57.141520"}
{"type": "data_access", "user": "admin", "role": "Unknown Role", "resource": "pricing_economics_intelligence", "details": {}, "timestamp": "2025-12-06T08:15:57.987366"}
{"type": "action", "user": "admin", "role": "Unknown Role", "action": "pricing_economics_analysis_completed", "object_type": "dashboard", "object_id": "04_Pricing_Economics.py", "details": {}, "timestamp": "2025-12-06T08:15:59.023352"}
{"type": "data_access", "user": "admin", "role": "Unknown Role", "resource": "pricing_economics_intelligence", "details": {}, "timestamp": "2025-12-06T09:40:24.682920"}
{"type": "data_access", "user": "admin", "role": "admin", "resource": "liquidity_alm_intelligence", "details": {}, "timestamp": "2025-12-06T09:48:28.925128"}
{"type": "data_access", "user": "admin", "role": "admin", "resource": "dividend_capacity_intelligence", "details": {}, "timestamp": "2025-12-06T09:48:38.273971"}
{"type": "data_access", "user": "admin", "role": "admin", "resource": "dividend_capacity_analysis_completed", "details": {}, "timestamp": "2025-12-06T09:48:38.508179"}
{"type": "data_access", "user": "admin", "role": "admin", "resource": "dividend_capacity_intelligence", "details": {}, "timestamp": "2025-12-06T09:48:54.027644"}
{"type": "data_access", "user": "admin", "role": "admin", "resource": "dividend_capacity_analysis_completed", "details": {}, "timestamp": "2025-12-06T09:48:54.166405"}
{"type": "data_access", "user": "admin", "role": "admin", "resource": "dividend_capacity_intelligence", "details": {}, "timestamp": "2025-12-06T09:48:59.035817"}
{"type": "data_access", "user": "admin", "role": "admin", "resource": "dividend_capacity_analysis_completed", "details": {}, "timestamp": "2025-12-06T09:48:59.145106"}
{"type": "data_access", "user": "admin", "role": "admin", "resource": "credit_risk_intelligence_dashboard", "details": {}, "timestamp": "2025-12-06T09:49:05.764344"}
{"type": "data_access", "user": "admin", "role": "admin", "resource": "member_value_page", "details": {}, "timestamp": "2025-12-06T09:49:34.501847"}
{"type": "logout", "user": "admin", "role": "admin", "timestamp": "2025-12-06T09:51:11.559238"}
{"type": "action", "user": "admin", "role": "admin", "action": "login_success", "object_type": "auth", "object_id": "prudential_portal", "details": {"tenant_id": "demo", "timestamp": "2025-12-06T12:54:49.574796"}, "timestamp": "2025-12-06T09:54:49.574796"}
{"type": "action", "user": "admin", "role": "admin", "action": "login_success", "object_type": "auth", "object_id": "prudential_portal", "details": {"tenant_id": "demo", "timestamp": "2025-12-06T12:56:26.244982"}, "timestamp": "2025-12-06T09:56:26.244982"}
{"type": "data_access", "user": "admin", "role": "admin", "resource": "liquidity_alm_intelligence", "details": {}, "timestamp": "2025-12-06T09:56:56.414446"}
{"type": "data_access", "user": "admin", "role": "admin", "resource": "pricing_economics_intelligence", "details": {}, "timestamp": "2025-12-06T09:56:58.322330"}
{"type": "action", "user": "admin", "role": "admin", "action": "pricing_economics_analysis_completed", "object_type": "dashboard", "object_id": "04_Pricing_Economics.py", "details": {}, "timestamp": "2025-12-06T09:56:58.824706"}
{"type": "data_access", "user": "admin", "role": "admin", "resource": "sasra_returns_page", "details": {}, "timestamp": "2025-12-06T09:57:07.404933"}
{"type": "action", "user": "admin", "role": "admin", "action": "login_success", "object_type": "auth", "object_id": "prudential_portal", "details": {"tenant_id": "demo", "timestamp": "2025-12-06T13:01:34.353987"}, "timestamp": "2025-12-06T10:01:34.353987"}
{"type": "data_access", "user": "admin", "role": "admin", "resource": "vintages_roll_rates_intelligence", "details": {}, "timestamp": "2025-12-06T10:02:03.244679"}
{"type": "data_access", "user": "admin", "role": "admin", "resource": "vintages_analytics_completed", "details": {}, "timestamp": "2025-12-06T10:02:04.469504"}
{"type": "data_access", "user": "admin", "role": "admin", "resource": "credit_risk_intelligence_dashboard", "details": {}, "timestamp": "2025-12-06T10:02:07.636172"}
{"type": "data_access", "user": "admin", "role": "admin", "resource": "dividend_capacity_intelligence", "details": {}, "timestamp": "2025-12-06T10:02:17.409826"}
{"type": "data_access", "user": "admin", "role": "admin", "resource": "dividend_capacity_analysis_completed", "details": {}, "timestamp": "2025-12-06T10:02:17.569571"}
{"type": "data_access", "user": "admin", "role": "admin", "resource": "dividend_capacity_intelligence", "details": {}, "timestamp": "2025-12-06T10:02:29.077665"}
{"type": "data_access", "user": "admin", "role": "admin", "resource": "dividend_capacity_analysis_completed", "details": {}, "timestamp": "2025-12-06T10:02:29.419688"}
{"type": "data_access", "user": "admin", "role": "admin", "resource": "dividend_capacity_intelligence", "details": {}, "timestamp": "2025-12-06T10:06:27.016927"}
{"type": "data_access", "user": "admin", "role": "admin", "resource": "dividend_capacity_analysis_completed", "details": {}, "timestamp": "2025-12-06T10:06:27.283442"}
{"type": "data_access", "user": "admin", "role": "admin", "resource": "dividend_capacity_intelligence", "details": {}, "timestamp": "2025-12-06T10:06:40.408432"}
{"type": "data_access", "user": "admin", "role": "admin", "resource": "dividend_capacity_analysis_completed", "details": {}, "timestamp": "2025-12-06T10:06:40.658635"}
{"type": "data_access", "user": "admin", "role": "admin", "resource": "dividend_capacity_intelligence", "details": {}, "timestamp": "2025-12-06T10:06:50.433665"}
{"type": "data_access", "user": "admin", "role": "admin", "resource": "dividend_capacity_analysis_completed", "details": {}, "timestamp": "2025-12-06T10:06:50.686310"}
{"type": "data_access", "user": "admin", "role": "admin", "resource": "dividend_capacity_intelligence", "details": {}, "timestamp": "2025-12-06T10:06:52.975071"}
{"type": "data_access", "user": "admin", "role": "admin", "resource": "dividend_capacity_analysis_completed", "details": {}, "timestamp": "2025-12-06T10:06:53.241252"}
{"type": "logout", "user": "admin", "role": "admin", "timestamp": "2025-12-06T10:07:07.733551"}
{"type": "action", "user": "admin", "role": null, "action": "login_success", "object_type": "auth", "object_id": "aml_cft_portal", "details": {"tenant_id": "demo", "timestamp": "2025-12-06T13:07:35.449328"}, "timestamp": "2025-12-06T10:07:35.449328"}
{"type": "data_access", "user": "admin", "role": null, "resource": "governance_intelligence_command_center", "details": {}, "timestamp": "2025-12-06T10:10:06.231688"}
{"type": "action", "user": "admin", "role": "admin", "action": "login_success", "object_type": "auth", "object_id": "prudential_portal", "details": {"tenant_id": "demo", "timestamp": "2025-12-06T13:19:23.989008"}, "timestamp": "2025-12-06T10:19:23.989008"}
{"type": "data_access", "user": "admin", "role": "admin", "resource": "liquidity_alm_intelligence", "details": {}, "timestamp": "2025-12-06T10:20:33.708635"}
{"type": "data_access", "user": "admin", "role": "admin", "resource": "governance_compliance_page", "details": {}, "timestamp": "2025-12-06T10:20:44.171012"}
{"type": "action", "user": "admin", "role": "admin", "action": "login_success", "object_type": "auth", "object_id": "prudential_portal", "details": {"tenant_id": "demo", "timestamp": "2025-12-06T13:41:24.922097"}, "timestamp": "2025-12-06T10:41:24.922899"}
{"type": "data_access", "user": "admin", "role": "admin", "resource": "credit_risk_intelligence_dashboard", "details": {}, "timestamp": "2025-12-06T10:41:35.209762"}
{"type": "data_access", "user": "admin", "role": "admin", "resource": "pricing_economics_intelligence", "details": {}, "timestamp": "2025-12-06T10:41:41.173727"}
{"type": "action", "user": "admin", "role": "admin", "action": "pricing_economics_analysis_completed", "object_type": "dashboard", "object_id": "04_Pricing_Economics.py", "details": {}, "timestamp": "2025-12-06T10:41:42.429742"}
{"type": "data_access", "user": "admin", "role": "admin", "resource": "vintages_roll_rates_intelligence", "details": {}, "timestamp": "2025-12-06T10:41:49.755053"}
{"type": "data_access", "user": "admin", "role": "admin", "resource": "vintages_analytics_completed", "details": {}, "timestamp": "2025-12-06T10:41:50.209240"}
{"type": "data_access", "user": "admin", "role": "admin", "resource": "collections_intelligence_ops_center", "details": {}, "timestamp": "2025-12-06T10:41:53.755666"}
{"type": "data_access", "user": "admin", "role": "admin", "resource": "collections_intelligence_ops_center", "details": {}, "timestamp": "2025-12-06T10:42:02.467849"}
{"type": "data_access", "user": "admin", "role": "admin", "resource": "cybersecurity_bcp_view", "details": {"description": "Viewed cybersecurity and BCP dashboard - Risk: RiskLevel.HIGH, BCP: BCPStatus.FULLY_OPERATIONAL", "risk_score": 67.64663485826306, "bcp_score": 100.0}, "timestamp": "2025-12-06T10:42:24.546783"}
{"type": "data_access", "user": "admin", "role": "admin", "resource": "data_quality_mis_page", "details": {}, "timestamp": "2025-12-06T10:43:44.120477"}
{"type": "data_access", "user": "admin", "role": "admin", "resource": "collections_intelligence_ops_center", "details": {}, "timestamp": "2025-12-06T10:43:49.426283"}
{"type": "data_access", "user": "admin", "role": "admin", "resource": "governance_intelligence_command_center", "details": {}, "timestamp": "2025-12-06T10:43:56.389572"}
{"type": "action", "user": "admin", "role": "admin", "action": "login_success", "object_type": "auth", "object_id": "prudential_portal", "details": {"tenant_id": "demo", "timestamp": "2025-12-06T13:48:44.935246"}, "timestamp": "2025-12-06T10:48:44.935246"}
{"type": "data_access", "user": "admin", "role": "admin", "resource": "vintages_roll_rates_intelligence", "details": {}, "timestamp": "2025-12-06T10:48:55.276198"}
{"type": "data_access", "user": "admin", "role": "admin", "resource": "vintages_analytics_completed", "details": {}, "timestamp": "2025-12-06T10:48:56.384377"}
{"type": "data_access", "user": "admin", "role": "admin", "resource": "vintages_roll_rates_intelligence", "details": {}, "timestamp": "2025-12-06T10:49:00.661037"}
{"type": "data_access", "user": "admin", "role": "admin", "resource": "vintages_analytics_completed", "details": {}, "timestamp": "2025-12-06T10:49:01.107755"}
{"type": "data_access", "user": "admin", "role": "admin", "resource": "vintages_roll_rates_intelligence", "details": {}, "timestamp": "2025-12-06T10:49:17.310420"}
{"type": "data_access", "user": "admin", "role": "admin", "resource": "vintages_analytics_completed", "details": {}, "timestamp": "2025-12-06T10:49:17.781314"}
{"type": "data_access", "user": "admin", "role": "admin", "resource": "concentration_risk_page", "details": {}, "timestamp": "2025-12-06T10:49:23.029446"}
{"type": "data_access", "user": "admin", "role": "admin", "resource": "vintages_roll_rates_intelligence", "details": {}, "timestamp": "2025-12-06T10:49:42.417393"}
{"type": "data_access", "user": "admin", "role": "admin", "resource": "vintages_analytics_completed", "details": {}, "timestamp": "2025-12-06T10:49:42.877893"}
{"type": "data_access", "user": "admin", "role": "admin", "resource": "liquidity_alm_intelligence", "details": {}, "timestamp": "2025-12-06T10:51:44.916196"}
{"type": "action", "user": "admin", "role": "admin", "action": "login_success", "object_type": "auth", "object_id": "prudential_portal", "details": {"tenant_id": "demo", "timestamp": "2025-12-06T13:53:12.283234"}, "timestamp": "2025-12-06T10:53:12.283234"}
{"type": "data_access", "user": "admin", "role": "admin", "resource": "liquidity_alm_intelligence", "details": {}, "timestamp": "2025-12-06T10:53:29.769466"}
{"type": "data_access", "user": "admin", "role": "admin", "resource": "pricing_economics_intelligence", "details": {}, "timestamp": "2025-12-06T10:53:33.651437"}
{"type": "action", "user": "admin", "role": "admin", "action": "pricing_economics_analysis_completed", "object_type": "dashboard", "object_id": "04_Pricing_Economics.py", "details": {}, "timestamp": "2025-12-06T10:53:34.131394"}
{"type": "data_access", "user": "admin", "role": "admin", "resource": "dividend_capacity_intelligence", "details": {}, "timestamp": "2025-12-06T10:53:37.579381"}
{"type": "data_access", "user": "admin", "role": "admin", "resource": "dividend_capacity_analysis_completed", "details": {}, "timestamp": "2025-12-06T10:53:37.731819"}
{"type": "data_access", "user": "admin", "role": "admin", "resource": "liquidity_alm_intelligence", "details": {}, "timestamp": "2025-12-06T10:53:54.011450"}
{"type": "data_access", "user": "admin", "role": "admin", "resource": "liquidity_alm_intelligence", "details": {}, "timestamp": "2025-12-06T11:02:33.705479"}
{"type": "data_access", "user": "admin", "role": "admin", "resource": "governance_compliance_page", "details": {}, "timestamp": "2025-12-06T11:05:07.134197"}
{"type": "data_access", "user": "admin", "role": "admin", "resource": "concentration_risk_page", "details": {}, "timestamp": "2025-12-06T11:05:12.315300"}
{"type": "logout", "user": "admin", "role": "admin", "timestamp": "2025-12-06T11:05:15.990700"}
{"type": "action", "user": "admin", "role": null, "action": "login_success", "object_type": "auth", "object_id": "prudential_portal", "details": {"tenant_id": "demo", "timestamp": "2025-12-06T14:05:47.991722"}, "timestamp": "2025-12-06T11:05:47.991722"}
{"type": "data_access", "user": "admin", "role": null, "resource": "liquidity_alm_intelligence", "details": {}, "timestamp": "2025-12-06T11:05:53.562471"}
{"type": "action", "user": "admin", "role": "admin", "action": "login_success", "object_type": "auth", "object_id": "prudential_portal", "details": {"tenant_id": "demo", "timestamp": "2025-12-06T14:06:53.010165"}, "timestamp": "2025-12-06T11:06:53.010165"}
{"type": "data_access", "user": "admin", "role": "admin", "resource": "liquidity_alm_intelligence", "details": {}, "timestamp": "2025-12-06T11:07:12.753270"}
{"type": "data_access", "user": "admin", "role": "admin", "resource": "liquidity_alm_intelligence", "details": {}, "timestamp": "2025-12-06T11:07:17.248074"}
{"type": "data_access", "user": "admin", "role": "admin", "resource": "liquidity_alm_intelligence", "details": {}, "timestamp": "2025-12-06T11:07:19.097500"}
{"type": "data_access", "user": "admin", "role": "admin", "resource": "pricing_economics_intelligence", "details": {}, "timestamp": "2025-12-06T11:07:22.097923"}
{"type": "action", "user": "admin", "role": "admin", "action": "pricing_economics_analysis_completed", "object_type": "dashboard", "object_id": "04_Pricing_Economics.py", "details": {}, "timestamp": "2025-12-06T11:07:22.589532"}
{"type": "data_access", "user": "admin", "role": "admin", "resource": "dividend_capacity_intelligence", "details": {}, "timestamp": "2025-12-06T11:07:26.565072"}
{"type": "data_access", "user": "admin", "role": "admin", "resource": "dividend_capacity_analysis_completed", "details": {}, "timestamp": "2025-12-06T11:07:26.714230"}
{"type": "data_access", "user": "admin", "role": "admin", "resource": "liquidity_alm_intelligence", "details": {}, "timestamp": "2025-12-06T11:07:29.593317"}
{"type": "data_access", "user": "admin", "role": "admin", "resource": "concentration_risk_page", "details": {}, "timestamp": "2025-12-06T11:07:55.946460"}
{"type": "data_access", "user": "admin", "role": "admin", "resource": "liquidity_alm_intelligence", "details": {}, "timestamp": "2025-12-06T11:13:52.510581"}
{"type": "data_access", "user": "admin", "role": "admin", "resource": "communications_command_center", "details": {}, "timestamp": "2025-12-06T11:14:16.326743"}
{"type": "data_access", "user": "admin", "role": "admin", "resource": "communications_command_center_run", "details": {}, "timestamp": "2025-12-06T11:14:19.376009"}
{"type": "data_access", "user": "admin", "role": "admin", "resource": "liquidity_alm_intelligence", "details": {}, "timestamp": "2025-12-06T11:14:38.981343"}
{"type": "action", "user": "admin", "role": "admin", "action": "login_success", "object_type": "auth", "object_id": "prudential_portal", "details": {"tenant_id": "demo", "timestamp": "2025-12-06T14:29:00.769250"}, "timestamp": "2025-12-06T11:29:00.769250"}
{"type": "data_access", "user": "admin", "role": "admin", "resource": "credit_risk_intelligence_dashboard", "details": {}, "timestamp": "2025-12-06T11:34:21.752206"}
{"type": "data_access", "user": "admin", "role": "admin", "resource": "communications_command_center", "details": {}, "timestamp": "2025-12-06T11:34:26.504465"}
{"type": "data_access", "user": "admin", "role": "admin", "resource": "communications_command_center_run", "details": {}, "timestamp": "2025-12-06T11:34:29.402530"}
{"type": "data_access", "user": "admin", "role": "admin", "resource": "communications_command_center", "details": {}, "timestamp": "2025-12-06T11:36:13.901205"}
{"type": "data_access", "user": "admin", "role": "admin", "resource": "communications_command_center_run", "details": {}, "timestamp": "2025-12-06T11:36:16.911824"}
{"type": "data_access", "user": "admin", "role": "admin", "resource": "communications_command_center", "details": {}, "timestamp": "2025-12-06T11:36:34.267891"}
{"type": "data_access", "user": "admin", "role": "admin", "resource": "communications_command_center_run", "details": {}, "timestamp": "2025-12-06T11:36:37.443413"}
{"type": "data_access", "user": "admin", "role": "admin", "resource": "communications_command_center", "details": {}, "timestamp": "2025-12-06T11:36:41.362596"}
{"type": "data_access", "user": "admin", "role": "admin", "resource": "communications_command_center_run", "details": {}, "timestamp": "2025-12-06T11:36:44.385851"}
{"type": "data_access", "user": "admin", "role": "admin", "resource": "credit_risk_intelligence_dashboard", "details": {}, "timestamp": "2025-12-06T11:40:23.323671"}
{"type": "data_access", "user": "admin", "role": "admin", "resource": "liquidity_alm_intelligence", "details": {}, "timestamp": "2025-12-06T11:40:32.806365"}
{"type": "logout", "user": "admin", "role": "admin", "timestamp": "2025-12-06T11:40:40.981571"}
{"type": "data_access", "user": "admin", "role": "admin", "resource": "liquidity_alm_intelligence", "details": {}, "timestamp": "2025-12-06T11:45:32.783219"}
{"type": "logout", "user": "admin", "role": "admin", "timestamp": "2025-12-06T11:51:10.934174"}
{"type": "logout", "user": "admin", "role": "admin", "timestamp": "2025-12-06T12:10:18.334278"}
{"type": "logout", "user": "admin", "role": "admin", "timestamp": "2025-12-06T12:12:13.911686"}
{"type": "data_access", "user": "admin", "role": "admin", "resource": "credit_risk_intelligence_dashboard", "details": {}, "timestamp": "2025-12-06T12:32:27.099237"}
{"type": "logout", "user": "admin", "role": "admin", "timestamp": "2025-12-06T12:32:43.446865"}
{"type": "data_access", "user": "admin", "role": "admin", "resource": "liquidity_alm_intelligence", "details": {}, "timestamp": "2025-12-06T14:41:34.981479"}
{"type": "logout", "user": "admin", "role": "admin", "timestamp": "2025-12-06T14:41:47.214375"}
{"type": "data_access", "user": "admin", "role": "admin", "resource": "pricing_economics_intelligence", "details": {}, "timestamp": "2025-12-06T18:00:40.895584"}
{"type": "action", "user": "admin", "role": "admin", "action": "pricing_economics_analysis_completed", "object_type": "dashboard", "object_id": "04_Pricing_Economics.py", "details": {}, "timestamp": "2025-12-06T18:00:42.170617"}
{"type": "data_access", "user": "admin", "role": "admin", "resource": "pricing_economics_intelligence", "details": {}, "timestamp": "2025-12-06T18:44:05.333647"}
{"type": "action", "user": "admin", "role": "admin", "action": "pricing_economics_analysis_completed", "object_type": "dashboard", "object_id": "04_Pricing_Economics.py", "details": {}, "timestamp": "2025-12-06T18:44:05.890115"}
{"type": "data_access", "user": "admin", "role": "admin", "resource": "liquidity_alm_intelligence", "details": {}, "timestamp": "2025-12-06T19:07:30.704781"}
{"type": "data_access", "user": "admin", "role": "admin", "resource": "pricing_economics_intelligence", "details": {}, "timestamp": "2025-12-06T19:07:32.611393"}
{"type": "action", "user": "admin", "role": "admin", "action": "pricing_economics_analysis_completed", "object_type": "dashboard", "object_id": "04_Pricing_Economics.py", "details": {}, "timestamp": "2025-12-06T19:07:33.094712"}
{"type": "data_access", "user": "admin", "role": "admin", "resource": "pricing_economics_intelligence", "details": {}, "timestamp": "2025-12-06T19:10:21.366153"}
{"type": "action", "user": "admin", "role": "admin", "action": "pricing_economics_analysis_completed", "object_type": "dashboard", "object_id": "04_Pricing_Economics.py", "details": {}, "timestamp": "2025-12-06T19:10:23.020093"}
